// Jest Snapshot v1, https://goo.gl/fbAQLP

exports[`Login Component should render correctly 1`] = `
<WithStyles(Grid)
  className="page page-login page-auth"
>
  <Connect(IndexNav) />
  <WithStyles(Grid)
    alignItems="center"
    className="page-content"
    container={true}
    direction="column"
    spacing={16}
  >
    <h2
      className="title"
    >
      Welcome to SmartCash for Business
    </h2>
    <WithStyles(Grid)
      className="page-wrapper"
      container={true}
    >
      <WithStyles(Grid)
        className="page-image"
        item={true}
      >
        <img
          alt="Login Image"
          src="test-file-stub"
        />
      </WithStyles(Grid)>
      <WithStyles(Grid)
        className="page-form"
        item={true}
      >
        <AuthTabs
          value="login"
        />
        <form
          method="post"
          onSubmit={[Function]}
        >
          <WithStyles(Grid)
            className="form-inputs"
            container={true}
          >
            <TextField
              fullWidth={true}
              id="email"
              inputProps={
                Object {
                  "required": true,
                }
              }
              label="Email address"
              margin="normal"
              onChange={[Function]}
              required={true}
              select={false}
              type="email"
              variant="standard"
            />
            <TextField
              fullWidth={true}
              id="password"
              inputProps={
                Object {
                  "maxLength": 100,
                  "minLength": 25,
                  "required": true,
                }
              }
              label="Password"
              margin="normal"
              onChange={[Function]}
              required={true}
              select={false}
              type="password"
              variant="standard"
            />
          </WithStyles(Grid)>
          <WithStyles(Grid)
            alignContent="center"
            alignItems="center"
            className="form-buttons"
            container={true}
            justify="space-between"
            spacing={16}
          >
            <NavLink
              activeClassName="active"
              aria-current="page"
              className="password-reset"
              to="/reset"
            >
              Forgot Password?
            </NavLink>
            <WithStyles(Button)
              color="primary"
              type="submit"
              variant="contained"
            >
              Login
            </WithStyles(Button)>
          </WithStyles(Grid)>
        </form>
      </WithStyles(Grid)>
    </WithStyles(Grid)>
  </WithStyles(Grid)>
</WithStyles(Grid)>
`;
